LoanApplicationResponse{status='Approved', creditScore=750, monthlyIncome=5000.0, monthlyDebt=1500.0, requestedAmount=18000.0, dti=30.0}