Rejected Loans[0] = LoanApplicationResponse{status='Rejected', creditScore=700, monthlyIncome=5000.0, monthlyDebt=1500.0, requestedAmount=18000.0, dti=30.0}
Rejected Loans[1] = LoanApplicationResponse{status='Rejected', creditScore=750, monthlyIncome=5000.0, monthlyDebt=10000.0, requestedAmount=18000.0, dti=200.0}
Rejected Loans[2] = LoanApplicationResponse{status='Rejected', creditScore=750, monthlyIncome=5000.0, monthlyDebt=1500.0, requestedAmount=200000.0, dti=30.0}
